Analysis & Synthesis report for memory_control_ISSI
Tue Nov 25 17:36:26 2014
Quartus II 64-Bit Version 13.0.1 Build 232 06/12/2013 Service Pack 1 SJ Web Edition


---------------------
; Table of Contents ;
---------------------
  1. Legal Notice
  2. Analysis & Synthesis Summary
  3. Analysis & Synthesis Settings
  4. Parallel Compilation
  5. Analysis & Synthesis Source Files Read
  6. Analysis & Synthesis Resource Usage Summary
  7. Analysis & Synthesis Resource Utilization by Entity
  8. User-Specified and Inferred Latches
  9. Logic Cells Representing Combinational Loops
 10. Registers Removed During Synthesis
 11. Removed Registers Triggering Further Register Optimizations
 12. General Register Statistics
 13. Inverted Register Statistics
 14. Multiplexer Restructuring Statistics (Restructuring Performed)
 15. Elapsed Time Per Partition
 16. Analysis & Synthesis Messages



----------------
; Legal Notice ;
----------------
Copyright (C) 1991-2013 Altera Corporation
Your use of Altera Corporation's design tools, logic functions 
and other software and tools, and its AMPP partner logic 
functions, and any output files from any of the foregoing 
(including device programming or simulation files), and any 
associated documentation or information are expressly subject 
to the terms and conditions of the Altera Program License 
Subscription Agreement, Altera MegaCore Function License 
Agreement, or other applicable license agreement, including, 
without limitation, that your use is for the sole purpose of 
programming logic devices manufactured by Altera and sold by 
Altera or its authorized distributors.  Please refer to the 
applicable agreement for further details.



+--------------------------------------------------------------------------------------+
; Analysis & Synthesis Summary                                                         ;
+------------------------------------+-------------------------------------------------+
; Analysis & Synthesis Status        ; Successful - Tue Nov 25 17:36:26 2014           ;
; Quartus II 64-Bit Version          ; 13.0.1 Build 232 06/12/2013 SP 1 SJ Web Edition ;
; Revision Name                      ; memory_control_ISSI                             ;
; Top-level Entity Name              ; memory_control_ISSI                             ;
; Family                             ; Cyclone II                                      ;
; Total logic elements               ; 332                                             ;
;     Total combinational functions  ; 296                                             ;
;     Dedicated logic registers      ; 104                                             ;
; Total registers                    ; 104                                             ;
; Total pins                         ; 134                                             ;
; Total virtual pins                 ; 0                                               ;
; Total memory bits                  ; 0                                               ;
; Embedded Multiplier 9-bit elements ; 0                                               ;
; Total PLLs                         ; 0                                               ;
+------------------------------------+-------------------------------------------------+


+------------------------------------------------------------------------------------------------------------------------+
; Analysis & Synthesis Settings                                                                                          ;
+----------------------------------------------------------------------------+---------------------+---------------------+
; Option                                                                     ; Setting             ; Default Value       ;
+----------------------------------------------------------------------------+---------------------+---------------------+
; Device                                                                     ; EP2C35F672C6        ;                     ;
; Top-level entity name                                                      ; memory_control_ISSI ; memory_control_ISSI ;
; Family name                                                                ; Cyclone II          ; Cyclone IV GX       ;
; Use smart compilation                                                      ; Off                 ; Off                 ;
; Enable parallel Assembler and TimeQuest Timing Analyzer during compilation ; On                  ; On                  ;
; Enable compact report table                                                ; Off                 ; Off                 ;
; Restructure Multiplexers                                                   ; Auto                ; Auto                ;
; Create Debugging Nodes for IP Cores                                        ; Off                 ; Off                 ;
; Preserve fewer node names                                                  ; On                  ; On                  ;
; Disable OpenCore Plus hardware evaluation                                  ; Off                 ; Off                 ;
; Verilog Version                                                            ; Verilog_2001        ; Verilog_2001        ;
; VHDL Version                                                               ; VHDL_1993           ; VHDL_1993           ;
; State Machine Processing                                                   ; Auto                ; Auto                ;
; Safe State Machine                                                         ; Off                 ; Off                 ;
; Extract Verilog State Machines                                             ; On                  ; On                  ;
; Extract VHDL State Machines                                                ; On                  ; On                  ;
; Ignore Verilog initial constructs                                          ; Off                 ; Off                 ;
; Iteration limit for constant Verilog loops                                 ; 5000                ; 5000                ;
; Iteration limit for non-constant Verilog loops                             ; 250                 ; 250                 ;
; Add Pass-Through Logic to Inferred RAMs                                    ; On                  ; On                  ;
; Infer RAMs from Raw Logic                                                  ; On                  ; On                  ;
; Parallel Synthesis                                                         ; Off                 ; Off                 ;
; DSP Block Balancing                                                        ; Auto                ; Auto                ;
; NOT Gate Push-Back                                                         ; On                  ; On                  ;
; Power-Up Don't Care                                                        ; On                  ; On                  ;
; Remove Redundant Logic Cells                                               ; Off                 ; Off                 ;
; Remove Duplicate Registers                                                 ; On                  ; On                  ;
; Ignore CARRY Buffers                                                       ; Off                 ; Off                 ;
; Ignore CASCADE Buffers                                                     ; Off                 ; Off                 ;
; Ignore GLOBAL Buffers                                                      ; Off                 ; Off                 ;
; Ignore ROW GLOBAL Buffers                                                  ; Off                 ; Off                 ;
; Ignore LCELL Buffers                                                       ; Off                 ; Off                 ;
; Ignore SOFT Buffers                                                        ; On                  ; On                  ;
; Limit AHDL Integers to 32 Bits                                             ; Off                 ; Off                 ;
; Optimization Technique                                                     ; Balanced            ; Balanced            ;
; Carry Chain Length                                                         ; 70                  ; 70                  ;
; Auto Carry Chains                                                          ; On                  ; On                  ;
; Auto Open-Drain Pins                                                       ; On                  ; On                  ;
; Perform WYSIWYG Primitive Resynthesis                                      ; Off                 ; Off                 ;
; Auto ROM Replacement                                                       ; On                  ; On                  ;
; Auto RAM Replacement                                                       ; On                  ; On                  ;
; Auto Shift Register Replacement                                            ; Auto                ; Auto                ;
; Allow Shift Register Merging across Hierarchies                            ; Auto                ; Auto                ;
; Auto Clock Enable Replacement                                              ; On                  ; On                  ;
; Strict RAM Replacement                                                     ; Off                 ; Off                 ;
; Allow Synchronous Control Signals                                          ; On                  ; On                  ;
; Force Use of Synchronous Clear Signals                                     ; Off                 ; Off                 ;
; Auto RAM to Logic Cell Conversion                                          ; Off                 ; Off                 ;
; Auto Resource Sharing                                                      ; Off                 ; Off                 ;
; Allow Any RAM Size For Recognition                                         ; Off                 ; Off                 ;
; Allow Any ROM Size For Recognition                                         ; Off                 ; Off                 ;
; Allow Any Shift Register Size For Recognition                              ; Off                 ; Off                 ;
; Use LogicLock Constraints during Resource Balancing                        ; On                  ; On                  ;
; Ignore translate_off and synthesis_off directives                          ; Off                 ; Off                 ;
; Timing-Driven Synthesis                                                    ; Off                 ; Off                 ;
; Report Parameter Settings                                                  ; On                  ; On                  ;
; Report Source Assignments                                                  ; On                  ; On                  ;
; Report Connectivity Checks                                                 ; On                  ; On                  ;
; Ignore Maximum Fan-Out Assignments                                         ; Off                 ; Off                 ;
; Synchronization Register Chain Length                                      ; 2                   ; 2                   ;
; PowerPlay Power Optimization                                               ; Normal compilation  ; Normal compilation  ;
; HDL message level                                                          ; Level2              ; Level2              ;
; Suppress Register Optimization Related Messages                            ; Off                 ; Off                 ;
; Number of Removed Registers Reported in Synthesis Report                   ; 5000                ; 5000                ;
; Number of Swept Nodes Reported in Synthesis Report                         ; 5000                ; 5000                ;
; Number of Inverted Registers Reported in Synthesis Report                  ; 100                 ; 100                 ;
; Clock MUX Protection                                                       ; On                  ; On                  ;
; Auto Gated Clock Conversion                                                ; Off                 ; Off                 ;
; Block Design Naming                                                        ; Auto                ; Auto                ;
; SDC constraint protection                                                  ; Off                 ; Off                 ;
; Synthesis Effort                                                           ; Auto                ; Auto                ;
; Shift Register Replacement - Allow Asynchronous Clear Signal               ; On                  ; On                  ;
; Pre-Mapping Resynthesis Optimization                                       ; Off                 ; Off                 ;
; Analysis & Synthesis Message Level                                         ; Medium              ; Medium              ;
; Disable Register Merging Across Hierarchies                                ; Auto                ; Auto                ;
; Resource Aware Inference For Block RAM                                     ; On                  ; On                  ;
; Synthesis Seed                                                             ; 1                   ; 1                   ;
+----------------------------------------------------------------------------+---------------------+---------------------+


Parallel compilation was disabled, but you have multiple processors available. Enable parallel compilation to reduce compilation time.
+-------------------------------------+
; Parallel Compilation                ;
+----------------------------+--------+
; Processors                 ; Number ;
+----------------------------+--------+
; Number detected on machine ; 8      ;
; Maximum allowed            ; 1      ;
+----------------------------+--------+


+----------------------------------------------------------------------------------------------------------------------------------------------------------------------------------------------------------+
; Analysis & Synthesis Source Files Read                                                                                                                                                                   ;
+----------------------------------+-----------------+------------------------------------+------------------------------------------------------------------------------------------------------+---------+
; File Name with User-Entered Path ; Used in Netlist ; File Type                          ; File Name with Absolute Path                                                                         ; Library ;
+----------------------------------+-----------------+------------------------------------+------------------------------------------------------------------------------------------------------+---------+
; memory_control_ISSI.bdf          ; yes             ; User Block Diagram/Schematic File  ; C:/Users/Quique/Dropbox/_Universidad/Diseño Digital Avanzado/PL4/memoria_RAM/memory_control_ISSI.bdf ;         ;
; control_ISSI.vhd                 ; yes             ; User VHDL File                     ; C:/Users/Quique/Dropbox/_Universidad/Diseño Digital Avanzado/PL4/memoria_RAM/control_ISSI.vhd        ;         ;
; anuncio.vhd                      ; yes             ; User VHDL File                     ; C:/Users/Quique/Dropbox/_Universidad/Diseño Digital Avanzado/PL4/memoria_RAM/anuncio.vhd             ;         ;
; 7447.bdf                         ; yes             ; Megafunction                       ; c:/altera/13.0sp1/quartus/libraries/others/maxplus2/7447.bdf                                         ;         ;
+----------------------------------+-----------------+------------------------------------+------------------------------------------------------------------------------------------------------+---------+


+------------------------------------------------------------------+
; Analysis & Synthesis Resource Usage Summary                      ;
+---------------------------------------------+--------------------+
; Resource                                    ; Usage              ;
+---------------------------------------------+--------------------+
; Estimated Total logic elements              ; 332                ;
;                                             ;                    ;
; Total combinational functions               ; 296                ;
; Logic element usage by number of LUT inputs ;                    ;
;     -- 4 input functions                    ; 129                ;
;     -- 3 input functions                    ; 127                ;
;     -- <=2 input functions                  ; 40                 ;
;                                             ;                    ;
; Logic elements by mode                      ;                    ;
;     -- normal mode                          ; 273                ;
;     -- arithmetic mode                      ; 23                 ;
;                                             ;                    ;
; Total registers                             ; 104                ;
;     -- Dedicated logic registers            ; 104                ;
;     -- I/O registers                        ; 0                  ;
;                                             ;                    ;
; I/O pins                                    ; 134                ;
; Embedded Multiplier 9-bit elements          ; 0                  ;
; Maximum fan-out node                        ; anuncio:inst2|k1_s ;
; Maximum fan-out                             ; 96                 ;
; Total fan-out                               ; 1470               ;
; Average fan-out                             ; 2.75               ;
+---------------------------------------------+--------------------+


+-----------------------------------------------------------------------------------------------------------------------------------------------------------------------------------------------+
; Analysis & Synthesis Resource Utilization by Entity                                                                                                                                           ;
+----------------------------+-------------------+--------------+-------------+--------------+---------+-----------+------+--------------+---------------------------------------+--------------+
; Compilation Hierarchy Node ; LC Combinationals ; LC Registers ; Memory Bits ; DSP Elements ; DSP 9x9 ; DSP 18x18 ; Pins ; Virtual Pins ; Full Hierarchy Name                   ; Library Name ;
+----------------------------+-------------------+--------------+-------------+--------------+---------+-----------+------+--------------+---------------------------------------+--------------+
; |memory_control_ISSI       ; 296 (0)           ; 104 (0)      ; 0           ; 0            ; 0       ; 0         ; 134  ; 0            ; |memory_control_ISSI                  ; work         ;
;    |7447:inst10|           ; 7 (7)             ; 0 (0)        ; 0           ; 0            ; 0       ; 0         ; 0    ; 0            ; |memory_control_ISSI|7447:inst10      ; work         ;
;    |7447:inst1|            ; 7 (7)             ; 0 (0)        ; 0           ; 0            ; 0       ; 0         ; 0    ; 0            ; |memory_control_ISSI|7447:inst1       ; work         ;
;    |7447:inst4|            ; 7 (7)             ; 0 (0)        ; 0           ; 0            ; 0       ; 0         ; 0    ; 0            ; |memory_control_ISSI|7447:inst4       ; work         ;
;    |7447:inst5|            ; 7 (7)             ; 0 (0)        ; 0           ; 0            ; 0       ; 0         ; 0    ; 0            ; |memory_control_ISSI|7447:inst5       ; work         ;
;    |7447:inst6|            ; 7 (7)             ; 0 (0)        ; 0           ; 0            ; 0       ; 0         ; 0    ; 0            ; |memory_control_ISSI|7447:inst6       ; work         ;
;    |7447:inst7|            ; 7 (7)             ; 0 (0)        ; 0           ; 0            ; 0       ; 0         ; 0    ; 0            ; |memory_control_ISSI|7447:inst7       ; work         ;
;    |7447:inst8|            ; 7 (7)             ; 0 (0)        ; 0           ; 0            ; 0       ; 0         ; 0    ; 0            ; |memory_control_ISSI|7447:inst8       ; work         ;
;    |7447:inst9|            ; 7 (7)             ; 0 (0)        ; 0           ; 0            ; 0       ; 0         ; 0    ; 0            ; |memory_control_ISSI|7447:inst9       ; work         ;
;    |anuncio:inst2|         ; 236 (236)         ; 104 (104)    ; 0           ; 0            ; 0       ; 0         ; 0    ; 0            ; |memory_control_ISSI|anuncio:inst2    ; work         ;
;    |mem_control:inst|      ; 4 (4)             ; 0 (0)        ; 0           ; 0            ; 0       ; 0         ; 0    ; 0            ; |memory_control_ISSI|mem_control:inst ; work         ;
+----------------------------+-------------------+--------------+-------------+--------------+---------+-----------+------+--------------+---------------------------------------+--------------+
Note: For table entries with two numbers listed, the numbers in parentheses indicate the number of resources of the given type used by the specific entity alone. The numbers listed outside of parentheses indicate the total resources of the given type used by the specific entity and all of its sub-entities in the hierarchy.


+--------------------------------------------------------------------------------------------------------+
; User-Specified and Inferred Latches                                                                    ;
+-----------------------------------------------------+-------------------------+------------------------+
; Latch Name                                          ; Latch Enable Signal     ; Free of Timing Hazards ;
+-----------------------------------------------------+-------------------------+------------------------+
; anuncio:inst2|LedR_o[16]                            ; anuncio:inst2|estado[1] ; yes                    ;
; anuncio:inst2|LedR_o[17]                            ; anuncio:inst2|estado[1] ; yes                    ;
; anuncio:inst2|LedR_o[0]                             ; anuncio:inst2|LedR_o[7] ; yes                    ;
; anuncio:inst2|LedR_o[1]                             ; anuncio:inst2|LedR_o[7] ; yes                    ;
; anuncio:inst2|LedR_o[2]                             ; anuncio:inst2|LedR_o[7] ; yes                    ;
; anuncio:inst2|LedR_o[3]                             ; anuncio:inst2|LedR_o[7] ; yes                    ;
; anuncio:inst2|LedR_o[4]                             ; anuncio:inst2|LedR_o[7] ; yes                    ;
; anuncio:inst2|LedR_o[5]                             ; anuncio:inst2|LedR_o[7] ; yes                    ;
; anuncio:inst2|LedR_o[6]                             ; anuncio:inst2|LedR_o[7] ; yes                    ;
; anuncio:inst2|LedR_o[7]                             ; anuncio:inst2|LedR_o[7] ; yes                    ;
; anuncio:inst2|LedR_o[8]                             ; anuncio:inst2|estado[1] ; yes                    ;
; anuncio:inst2|LedR_o[9]                             ; anuncio:inst2|estado[1] ; yes                    ;
; anuncio:inst2|LedR_o[10]                            ; anuncio:inst2|estado[1] ; yes                    ;
; anuncio:inst2|LedR_o[12]                            ; anuncio:inst2|estado[1] ; yes                    ;
; anuncio:inst2|LedR_o[14]                            ; anuncio:inst2|estado[1] ; yes                    ;
; anuncio:inst2|LedR_o_s[16]                          ; GND                     ; yes                    ;
; anuncio:inst2|LedR_o_s[17]                          ; GND                     ; yes                    ;
; anuncio:inst2|LedR_o_s[6]                           ; GND                     ; yes                    ;
; anuncio:inst2|LedR_o_s[8]                           ; GND                     ; yes                    ;
; anuncio:inst2|LedR_o_s[9]                           ; GND                     ; yes                    ;
; anuncio:inst2|LedR_o_s[10]                          ; GND                     ; yes                    ;
; anuncio:inst2|LedR_o_s[12]                          ; GND                     ; yes                    ;
; anuncio:inst2|LedR_o_s[14]                          ; GND                     ; yes                    ;
; anuncio:inst2|Data_oMEM[7]$latch                    ; anuncio:inst2|WrE       ; yes                    ;
; anuncio:inst2|Data_oMEM[0]_1733                     ; anuncio:inst2|WrE       ; yes                    ;
; anuncio:inst2|Data_oMEM[6]$latch                    ; anuncio:inst2|WrE       ; yes                    ;
; anuncio:inst2|Data_oMEM[5]$latch                    ; anuncio:inst2|WrE       ; yes                    ;
; anuncio:inst2|Data_oMEM[4]$latch                    ; anuncio:inst2|WrE       ; yes                    ;
; anuncio:inst2|Data_oMEM[3]$latch                    ; anuncio:inst2|WrE       ; yes                    ;
; anuncio:inst2|Data_oMEM[2]$latch                    ; anuncio:inst2|WrE       ; yes                    ;
; anuncio:inst2|Data_oMEM[1]$latch                    ; anuncio:inst2|WrE       ; yes                    ;
; anuncio:inst2|Data_oMEM[0]$latch                    ; anuncio:inst2|WrE       ; yes                    ;
; Number of user-specified and inferred latches = 32  ;                         ;                        ;
+-----------------------------------------------------+-------------------------+------------------------+
Note: All latches listed above may not be present at the end of synthesis due to various synthesis optimizations.


+-------------------------------------------------------------+
; Logic Cells Representing Combinational Loops                ;
+--------------------------------------------------------+----+
; Logic Cell Name                                        ;    ;
+--------------------------------------------------------+----+
; anuncio:inst2|Disp_o[1]                                ;    ;
; anuncio:inst2|Disp_o[3]                                ;    ;
; anuncio:inst2|Disp_o[0]                                ;    ;
; anuncio:inst2|Disp_o[2]                                ;    ;
; anuncio:inst2|Disp_o[5]                                ;    ;
; anuncio:inst2|Disp_o[7]                                ;    ;
; anuncio:inst2|Disp_o[4]                                ;    ;
; anuncio:inst2|Disp_o[6]                                ;    ;
; anuncio:inst2|Disp_o[17]                               ;    ;
; anuncio:inst2|Disp_o[19]                               ;    ;
; anuncio:inst2|Disp_o[16]                               ;    ;
; anuncio:inst2|Disp_o[18]                               ;    ;
; anuncio:inst2|Disp_o[21]                               ;    ;
; anuncio:inst2|Disp_o[23]                               ;    ;
; anuncio:inst2|Disp_o[20]                               ;    ;
; anuncio:inst2|Disp_o[22]                               ;    ;
; anuncio:inst2|Disp_o[25]                               ;    ;
; anuncio:inst2|Disp_o[27]                               ;    ;
; anuncio:inst2|Disp_o[24]                               ;    ;
; anuncio:inst2|Disp_o[26]                               ;    ;
; anuncio:inst2|Disp_o[29]                               ;    ;
; anuncio:inst2|Disp_o[31]                               ;    ;
; anuncio:inst2|Disp_o[28]                               ;    ;
; anuncio:inst2|Disp_o[30]                               ;    ;
; anuncio:inst2|Disp_o[9]                                ;    ;
; anuncio:inst2|Disp_o[11]                               ;    ;
; anuncio:inst2|Disp_o[8]                                ;    ;
; anuncio:inst2|Disp_o[10]                               ;    ;
; anuncio:inst2|Disp_o[13]                               ;    ;
; anuncio:inst2|Disp_o[15]                               ;    ;
; anuncio:inst2|Disp_o[12]                               ;    ;
; anuncio:inst2|Disp_o[14]                               ;    ;
; Number of logic cells representing combinational loops ; 32 ;
+--------------------------------------------------------+----+
Note: All cells listed above may not be present at the end of synthesis due to various synthesis optimizations.


+--------------------------------------------------------------------------------+
; Registers Removed During Synthesis                                             ;
+---------------------------------------+----------------------------------------+
; Register name                         ; Reason for Removal                     ;
+---------------------------------------+----------------------------------------+
; anuncio:inst2|Add_s[5]                ; Stuck at GND due to stuck port data_in ;
; anuncio:inst2|add_alta[2]             ; Stuck at GND due to stuck port data_in ;
; anuncio:inst2|Add_s[6]                ; Stuck at GND due to stuck port data_in ;
; anuncio:inst2|add_alta[3]             ; Stuck at GND due to stuck port data_in ;
; Total Number of Removed Registers = 4 ;                                        ;
+---------------------------------------+----------------------------------------+


+---------------------------------------------------------------------------------------------+
; Removed Registers Triggering Further Register Optimizations                                 ;
+------------------------+---------------------------+----------------------------------------+
; Register name          ; Reason for Removal        ; Registers Removed due to This Register ;
+------------------------+---------------------------+----------------------------------------+
; anuncio:inst2|Add_s[5] ; Stuck at GND              ; anuncio:inst2|add_alta[2]              ;
;                        ; due to stuck port data_in ;                                        ;
; anuncio:inst2|Add_s[6] ; Stuck at GND              ; anuncio:inst2|add_alta[3]              ;
;                        ; due to stuck port data_in ;                                        ;
+------------------------+---------------------------+----------------------------------------+


+------------------------------------------------------+
; General Register Statistics                          ;
+----------------------------------------------+-------+
; Statistic                                    ; Value ;
+----------------------------------------------+-------+
; Total registers                              ; 104   ;
; Number of registers using Synchronous Clear  ; 0     ;
; Number of registers using Synchronous Load   ; 32    ;
; Number of registers using Asynchronous Clear ; 0     ;
; Number of registers using Asynchronous Load  ; 0     ;
; Number of registers using Clock Enable       ; 98    ;
; Number of registers using Preset             ; 0     ;
+----------------------------------------------+-------+


+--------------------------------------------------+
; Inverted Register Statistics                     ;
+----------------------------------------+---------+
; Inverted Register                      ; Fan out ;
+----------------------------------------+---------+
; anuncio:inst2|k1_s                     ; 96      ;
; Total number of inverted registers = 1 ;         ;
+----------------------------------------+---------+


+--------------------------------------------------------------------------------------------------------------------------------------------------------------+
; Multiplexer Restructuring Statistics (Restructuring Performed)                                                                                               ;
+--------------------+-----------+---------------+----------------------+------------------------+------------+------------------------------------------------+
; Multiplexer Inputs ; Bus Width ; Baseline Area ; Area if Restructured ; Saving if Restructured ; Registered ; Example Multiplexer Output                     ;
+--------------------+-----------+---------------+----------------------+------------------------+------------+------------------------------------------------+
; 3:1                ; 2 bits    ; 4 LEs         ; 2 LEs                ; 2 LEs                  ; Yes        ; |memory_control_ISSI|anuncio:inst2|estado[1]   ;
; 3:1                ; 3 bits    ; 6 LEs         ; 6 LEs                ; 0 LEs                  ; Yes        ; |memory_control_ISSI|anuncio:inst2|Add_s[0]    ;
; 3:1                ; 4 bits    ; 8 LEs         ; 8 LEs                ; 0 LEs                  ; Yes        ; |memory_control_ISSI|anuncio:inst2|Add_s[4]    ;
; 3:1                ; 4 bits    ; 8 LEs         ; 8 LEs                ; 0 LEs                  ; No         ; |memory_control_ISSI|anuncio:inst2|display_s   ;
; 3:1                ; 4 bits    ; 8 LEs         ; 8 LEs                ; 0 LEs                  ; No         ; |memory_control_ISSI|anuncio:inst2|display_s   ;
; 3:1                ; 4 bits    ; 8 LEs         ; 8 LEs                ; 0 LEs                  ; No         ; |memory_control_ISSI|anuncio:inst2|display_s   ;
; 3:1                ; 4 bits    ; 8 LEs         ; 8 LEs                ; 0 LEs                  ; No         ; |memory_control_ISSI|anuncio:inst2|display_s   ;
; 3:1                ; 4 bits    ; 8 LEs         ; 8 LEs                ; 0 LEs                  ; No         ; |memory_control_ISSI|anuncio:inst2|display_s   ;
; 3:1                ; 4 bits    ; 8 LEs         ; 8 LEs                ; 0 LEs                  ; No         ; |memory_control_ISSI|anuncio:inst2|display_s   ;
; 3:1                ; 4 bits    ; 8 LEs         ; 8 LEs                ; 0 LEs                  ; No         ; |memory_control_ISSI|anuncio:inst2|display_s   ;
; 3:1                ; 4 bits    ; 8 LEs         ; 8 LEs                ; 0 LEs                  ; No         ; |memory_control_ISSI|anuncio:inst2|display_s   ;
; 3:1                ; 4 bits    ; 8 LEs         ; 4 LEs                ; 4 LEs                  ; No         ; |memory_control_ISSI|anuncio:inst2|display_aux ;
; 3:1                ; 4 bits    ; 8 LEs         ; 4 LEs                ; 4 LEs                  ; No         ; |memory_control_ISSI|anuncio:inst2|display_aux ;
; 3:1                ; 4 bits    ; 8 LEs         ; 4 LEs                ; 4 LEs                  ; No         ; |memory_control_ISSI|anuncio:inst2|display_aux ;
; 3:1                ; 4 bits    ; 8 LEs         ; 4 LEs                ; 4 LEs                  ; No         ; |memory_control_ISSI|anuncio:inst2|display_aux ;
; 3:1                ; 4 bits    ; 8 LEs         ; 4 LEs                ; 4 LEs                  ; No         ; |memory_control_ISSI|anuncio:inst2|display_aux ;
; 3:1                ; 4 bits    ; 8 LEs         ; 4 LEs                ; 4 LEs                  ; No         ; |memory_control_ISSI|anuncio:inst2|display_aux ;
; 3:1                ; 4 bits    ; 8 LEs         ; 4 LEs                ; 4 LEs                  ; No         ; |memory_control_ISSI|anuncio:inst2|display_aux ;
; 4:1                ; 4 bits    ; 8 LEs         ; 4 LEs                ; 4 LEs                  ; No         ; |memory_control_ISSI|anuncio:inst2|display_aux ;
; 4:1                ; 6 bits    ; 12 LEs        ; 6 LEs                ; 6 LEs                  ; No         ; |memory_control_ISSI|anuncio:inst2|cont        ;
+--------------------+-----------+---------------+----------------------+------------------------+------------+------------------------------------------------+


+-------------------------------+
; Elapsed Time Per Partition    ;
+----------------+--------------+
; Partition Name ; Elapsed Time ;
+----------------+--------------+
; Top            ; 00:00:00     ;
+----------------+--------------+


+-------------------------------+
; Analysis & Synthesis Messages ;
+-------------------------------+
Info: *******************************************************************
Info: Running Quartus II 64-Bit Analysis & Synthesis
    Info: Version 13.0.1 Build 232 06/12/2013 Service Pack 1 SJ Web Edition
    Info: Processing started: Tue Nov 25 17:36:24 2014
Info: Command: quartus_map --read_settings_files=on --write_settings_files=off memory_control_ISSI -c memory_control_ISSI
Warning (20028): Parallel compilation is not licensed and has been disabled
Info (12021): Found 1 design units, including 1 entities, in source file memory_control_issi.bdf
    Info (12023): Found entity 1: memory_control_ISSI
Info (12021): Found 2 design units, including 1 entities, in source file control_issi.vhd
    Info (12022): Found design unit 1: mem_control-memory_arch
    Info (12023): Found entity 1: mem_control
Info (12021): Found 2 design units, including 1 entities, in source file anuncio.vhd
    Info (12022): Found design unit 1: anuncio-anuncio_arch
    Info (12023): Found entity 1: anuncio
Info (12127): Elaborating entity "memory_control_ISSI" for the top level hierarchy
Warning (275009): Pin "key3" not connected
Info (12128): Elaborating entity "mem_control" for hierarchy "mem_control:inst"
Warning (10541): VHDL Signal Declaration warning at control_ISSI.vhd(25): used implicit default value for signal "D_M_LED" because signal was never assigned a value or an explicit default value. Use of implicit default value may introduce unintended design optimizations.
Warning (10541): VHDL Signal Declaration warning at control_ISSI.vhd(27): used implicit default value for signal "D_O_LED" because signal was never assigned a value or an explicit default value. Use of implicit default value may introduce unintended design optimizations.
Warning (10541): VHDL Signal Declaration warning at control_ISSI.vhd(30): used implicit default value for signal "ADDR_LED" because signal was never assigned a value or an explicit default value. Use of implicit default value may introduce unintended design optimizations.
Info (12128): Elaborating entity "anuncio" for hierarchy "anuncio:inst2"
Warning (10540): VHDL Signal Declaration warning at anuncio.vhd(46): used explicit default value for signal "UpB_s" because signal was never assigned a value
Warning (10540): VHDL Signal Declaration warning at anuncio.vhd(47): used explicit default value for signal "LoB_s" because signal was never assigned a value
Warning (10492): VHDL Process Statement warning at anuncio.vhd(108): signal "estado" is read inside the Process Statement but isn't in the Process Statement's sensitivity list
Info (10041): Inferred latch for "LedR_o[8]" at anuncio.vhd(218)
Info (10041): Inferred latch for "LedR_o[9]" at anuncio.vhd(218)
Info (10041): Inferred latch for "LedR_o[10]" at anuncio.vhd(218)
Info (10041): Inferred latch for "LedR_o[11]" at anuncio.vhd(218)
Info (10041): Inferred latch for "LedR_o[12]" at anuncio.vhd(218)
Info (10041): Inferred latch for "LedR_o[13]" at anuncio.vhd(218)
Info (10041): Inferred latch for "LedR_o[14]" at anuncio.vhd(218)
Info (10041): Inferred latch for "LedR_o[15]" at anuncio.vhd(218)
Info (10041): Inferred latch for "LedR_o[16]" at anuncio.vhd(218)
Info (10041): Inferred latch for "LedR_o[17]" at anuncio.vhd(218)
Info (10041): Inferred latch for "LedR_o[0]" at anuncio.vhd(216)
Info (10041): Inferred latch for "LedR_o[1]" at anuncio.vhd(216)
Info (10041): Inferred latch for "LedR_o[2]" at anuncio.vhd(216)
Info (10041): Inferred latch for "LedR_o[3]" at anuncio.vhd(216)
Info (10041): Inferred latch for "LedR_o[4]" at anuncio.vhd(216)
Info (10041): Inferred latch for "LedR_o[5]" at anuncio.vhd(216)
Info (10041): Inferred latch for "LedR_o[6]" at anuncio.vhd(216)
Info (10041): Inferred latch for "LedR_o[7]" at anuncio.vhd(216)
Info (10041): Inferred latch for "LedR_o_s[0]" at anuncio.vhd(207)
Info (10041): Inferred latch for "LedR_o_s[1]" at anuncio.vhd(207)
Info (10041): Inferred latch for "LedR_o_s[2]" at anuncio.vhd(207)
Info (10041): Inferred latch for "LedR_o_s[3]" at anuncio.vhd(207)
Info (10041): Inferred latch for "LedR_o_s[4]" at anuncio.vhd(207)
Info (10041): Inferred latch for "LedR_o_s[5]" at anuncio.vhd(207)
Info (10041): Inferred latch for "LedR_o_s[6]" at anuncio.vhd(207)
Info (10041): Inferred latch for "LedR_o_s[7]" at anuncio.vhd(207)
Info (10041): Inferred latch for "LedR_o_s[8]" at anuncio.vhd(207)
Info (10041): Inferred latch for "LedR_o_s[9]" at anuncio.vhd(207)
Info (10041): Inferred latch for "LedR_o_s[10]" at anuncio.vhd(207)
Info (10041): Inferred latch for "LedR_o_s[11]" at anuncio.vhd(207)
Info (10041): Inferred latch for "LedR_o_s[12]" at anuncio.vhd(207)
Info (10041): Inferred latch for "LedR_o_s[13]" at anuncio.vhd(207)
Info (10041): Inferred latch for "LedR_o_s[14]" at anuncio.vhd(207)
Info (10041): Inferred latch for "LedR_o_s[15]" at anuncio.vhd(207)
Info (10041): Inferred latch for "LedR_o_s[16]" at anuncio.vhd(207)
Info (10041): Inferred latch for "LedR_o_s[17]" at anuncio.vhd(207)
Info (10041): Inferred latch for "Data_oMEM[0]" at anuncio.vhd(199)
Info (10041): Inferred latch for "Data_oMEM[1]" at anuncio.vhd(199)
Info (10041): Inferred latch for "Data_oMEM[2]" at anuncio.vhd(199)
Info (10041): Inferred latch for "Data_oMEM[3]" at anuncio.vhd(199)
Info (10041): Inferred latch for "Data_oMEM[4]" at anuncio.vhd(199)
Info (10041): Inferred latch for "Data_oMEM[5]" at anuncio.vhd(199)
Info (10041): Inferred latch for "Data_oMEM[6]" at anuncio.vhd(199)
Info (10041): Inferred latch for "Data_oMEM[7]" at anuncio.vhd(199)
Info (12128): Elaborating entity "7447" for hierarchy "7447:inst1"
Info (12130): Elaborated megafunction instantiation "7447:inst1"
Warning (13046): Tri-state node(s) do not directly drive top-level pin(s)
    Warning (13047): Converted the fan-out from the tri-state buffer "mem_control:inst|D_O[0]" to the node "anuncio:inst2|LedR_o[0]" into an OR gate
    Warning (13047): Converted the fan-out from the tri-state buffer "mem_control:inst|D_O[1]" to the node "anuncio:inst2|LedR_o[1]" into an OR gate
    Warning (13047): Converted the fan-out from the tri-state buffer "mem_control:inst|D_O[2]" to the node "anuncio:inst2|LedR_o[2]" into an OR gate
    Warning (13047): Converted the fan-out from the tri-state buffer "mem_control:inst|D_O[3]" to the node "anuncio:inst2|LedR_o[3]" into an OR gate
    Warning (13047): Converted the fan-out from the tri-state buffer "mem_control:inst|D_O[4]" to the node "anuncio:inst2|LedR_o[4]" into an OR gate
    Warning (13047): Converted the fan-out from the tri-state buffer "mem_control:inst|D_O[5]" to the node "anuncio:inst2|LedR_o[5]" into an OR gate
    Warning (13047): Converted the fan-out from the tri-state buffer "mem_control:inst|D_O[6]" to the node "anuncio:inst2|LedR_o[6]" into an OR gate
    Warning (13047): Converted the fan-out from the tri-state buffer "mem_control:inst|D_O[7]" to the node "anuncio:inst2|LedR_o[7]" into an OR gate
Warning (13012): Latch anuncio:inst2|LedR_o[16] has unsafe behavior
    Warning (13013): Ports ENA and CLR on the latch are fed by the same signal anuncio:inst2|estado[1]
Warning (13012): Latch anuncio:inst2|LedR_o[17] has unsafe behavior
    Warning (13013): Ports ENA and CLR on the latch are fed by the same signal anuncio:inst2|estado[1]
Warning (13012): Latch anuncio:inst2|LedR_o[0] has unsafe behavior
    Warning (13013): Ports D and ENA on the latch are fed by the same signal anuncio:inst2|estado[0]
Warning (13012): Latch anuncio:inst2|LedR_o[1] has unsafe behavior
    Warning (13013): Ports D and ENA on the latch are fed by the same signal anuncio:inst2|estado[0]
Warning (13012): Latch anuncio:inst2|LedR_o[2] has unsafe behavior
    Warning (13013): Ports D and ENA on the latch are fed by the same signal anuncio:inst2|estado[0]
Warning (13012): Latch anuncio:inst2|LedR_o[3] has unsafe behavior
    Warning (13013): Ports D and ENA on the latch are fed by the same signal anuncio:inst2|estado[0]
Warning (13012): Latch anuncio:inst2|LedR_o[4] has unsafe behavior
    Warning (13013): Ports D and ENA on the latch are fed by the same signal anuncio:inst2|estado[0]
Warning (13012): Latch anuncio:inst2|LedR_o[5] has unsafe behavior
    Warning (13013): Ports D and ENA on the latch are fed by the same signal anuncio:inst2|estado[0]
Warning (13012): Latch anuncio:inst2|LedR_o[6] has unsafe behavior
    Warning (13013): Ports D and ENA on the latch are fed by the same signal anuncio:inst2|estado[0]
Warning (13012): Latch anuncio:inst2|LedR_o[7] has unsafe behavior
    Warning (13013): Ports D and ENA on the latch are fed by the same signal anuncio:inst2|estado[0]
Warning (13012): Latch anuncio:inst2|LedR_o[8] has unsafe behavior
    Warning (13013): Ports ENA and CLR on the latch are fed by the same signal anuncio:inst2|estado[1]
Warning (13012): Latch anuncio:inst2|LedR_o[9] has unsafe behavior
    Warning (13013): Ports ENA and CLR on the latch are fed by the same signal anuncio:inst2|estado[1]
Warning (13012): Latch anuncio:inst2|LedR_o[10] has unsafe behavior
    Warning (13013): Ports ENA and CLR on the latch are fed by the same signal anuncio:inst2|estado[1]
Warning (13012): Latch anuncio:inst2|LedR_o[12] has unsafe behavior
    Warning (13013): Ports ENA and CLR on the latch are fed by the same signal anuncio:inst2|estado[1]
Warning (13012): Latch anuncio:inst2|LedR_o[14] has unsafe behavior
    Warning (13013): Ports ENA and CLR on the latch are fed by the same signal anuncio:inst2|estado[1]
Warning (13012): Latch anuncio:inst2|Data_oMEM[0]_1733 has unsafe behavior
    Warning (13013): Ports D and ENA on the latch are fed by the same signal anuncio:inst2|estado[0]
Warning (13024): Output pins are stuck at VCC or GND
    Warning (13410): Pin "L_B_M" is stuck at VCC
    Warning (13410): Pin "U_B_M" is stuck at GND
    Warning (13410): Pin "LEDG5" is stuck at GND
    Warning (13410): Pin "LEDG6" is stuck at GND
    Warning (13410): Pin "LEDR11" is stuck at GND
    Warning (13410): Pin "LEDR13" is stuck at GND
    Warning (13410): Pin "LEDR15" is stuck at GND
Info (16010): Generating hard_block partition "hard_block:auto_generated_inst"
    Info (16011): Adding 0 node(s), including 0 DDIO, 0 PLL, 0 transceiver and 0 LCELL
Warning (21074): Design contains 1 input pin(s) that do not drive logic
    Warning (15610): No output dependent on input pin "key3"
Info (21057): Implemented 516 device resources after synthesis - the final resource count might be different
    Info (21058): Implemented 13 input pins
    Info (21059): Implemented 105 output pins
    Info (21060): Implemented 16 bidirectional pins
    Info (21061): Implemented 382 logic cells
Info: Quartus II 64-Bit Analysis & Synthesis was successful. 0 errors, 59 warnings
    Info: Peak virtual memory: 501 megabytes
    Info: Processing ended: Tue Nov 25 17:36:26 2014
    Info: Elapsed time: 00:00:02
    Info: Total CPU time (on all processors): 00:00:02


